PowerShell 7.4.1
PS C:\Users\Home> ssh igor86@192.168.0.15
ssh: connect to host 192.168.0.15 port 22: Connection refused
PS C:\Users\Home> ssh igor86@192.168.0.14
igor86@192.168.0.14's password:
Permission denied, please try again.
igor86@192.168.0.14's password:
Permission denied, please try again.
igor86@192.168.0.14's password:
Welcome to Ubuntu 23.10 (GNU/Linux 6.5.0-14-generic x86_64)

 * Documentation:  https://help.ubuntu.com
 * Management:     https://landscape.canonical.com
 * Support:        https://ubuntu.com/pro

  System information as of Пт 23 фев 2024 09:05:35 UTC

  System load:  0.18               Processes:               114
  Usage of /:   70.3% of 11.21GB   Users logged in:         0
  Memory usage: 33%                IPv4 address for enp0s3: 192.168.0.14
  Swap usage:   0%


8 обновлений может быть применено немедленно.
5 из этих обновлений, являются стандартными обновлениями безопасности.
Чтобы просмотреть дополнительные обновления выполните: apt list --upgradable


The list of available updates is more than a week old.
To check for new updates run: sudo apt update

Last login: Sat Feb 17 13:00:40 2024 from 192.168.0.15
igor86@igor86:~$ sudo apt upgrade
[sudo] password for igor86:
Чтение списков пакетов… Готово
Построение дерева зависимостей… Готово
Чтение информации о состоянии… Готово
Расчёт обновлений… Готово
Следующие пакеты будут обновлены:
  libpam-modules libpam-modules-bin libpam-runtime libpam0g runc systemd-hwe-hwdb tzdata tzdata-icu
Обновлено 8 пакетов, установлено 0 новых пакетов, для удаления отмечено 0 пакетов, и 0 пакетов не обновлено.
5 standard LTS security updates
Необходимо скачать 413 kB/5 394 kB архивов.
После данной операции объём занятого дискового пространства возрастёт на 20,5 kB.
Хотите продолжить? [Д/н] Д
Пол:1 http://ru.archive.ubuntu.com/ubuntu mantic-updates/main amd64 systemd-hwe-hwdb all 253.5.3 [3 262 B]
Пол:2 http://ru.archive.ubuntu.com/ubuntu mantic-updates/main amd64 tzdata all 2023d-0ubuntu0.23.10 [274 kB]
Пол:3 http://ru.archive.ubuntu.com/ubuntu mantic-updates/main amd64 tzdata-icu all 2023d-0ubuntu0.23.10 [136 kB]
Получено 413 kB за 1с (283 kB/s)
Предварительная настройка пакетов …
(Чтение базы данных … на данный момент установлено 76736 файлов и каталогов.)
Подготовка к распаковке …/libpam0g_1.5.2-6ubuntu1.1_amd64.deb …
Распаковывается libpam0g:amd64 (1.5.2-6ubuntu1.1) на замену (1.5.2-6ubuntu1) …
Настраивается пакет libpam0g:amd64 (1.5.2-6ubuntu1.1) …
(Чтение базы данных … на данный момент установлено 76736 файлов и каталогов.)
Подготовка к распаковке …/libpam-modules-bin_1.5.2-6ubuntu1.1_amd64.deb …
Распаковывается libpam-modules-bin (1.5.2-6ubuntu1.1) на замену (1.5.2-6ubuntu1) …
Настраивается пакет libpam-modules-bin (1.5.2-6ubuntu1.1) …
pam_namespace.service is a disabled or a static unit not running, not starting it.
(Чтение базы данных … на данный момент установлено 76736 файлов и каталогов.)
Подготовка к распаковке …/libpam-modules_1.5.2-6ubuntu1.1_amd64.deb …
Распаковывается libpam-modules:amd64 (1.5.2-6ubuntu1.1) на замену (1.5.2-6ubuntu1) …
Настраивается пакет libpam-modules:amd64 (1.5.2-6ubuntu1.1) …
(Чтение базы данных … на данный момент установлено 76736 файлов и каталогов.)
Подготовка к распаковке …/libpam-runtime_1.5.2-6ubuntu1.1_all.deb …
Распаковывается libpam-runtime (1.5.2-6ubuntu1.1) на замену (1.5.2-6ubuntu1) …
Настраивается пакет libpam-runtime (1.5.2-6ubuntu1.1) …
(Чтение базы данных … на данный момент установлено 76736 файлов и каталогов.)
Подготовка к распаковке …/systemd-hwe-hwdb_253.5.3_all.deb …
Распаковывается systemd-hwe-hwdb (253.5.3) на замену (253.5.1) …
Подготовка к распаковке …/tzdata_2023d-0ubuntu0.23.10_all.deb …
Распаковывается tzdata (2023d-0ubuntu0.23.10) на замену (2023c-9ubuntu1) …
Подготовка к распаковке …/tzdata-icu_2023d-0ubuntu0.23.10_all.deb …
Распаковывается tzdata-icu (2023d-0ubuntu0.23.10) на замену (2023c-9ubuntu1) …
Подготовка к распаковке …/runc_1.1.7-0ubuntu2.1_amd64.deb …
Распаковывается runc (1.1.7-0ubuntu2.1) на замену (1.1.7-0ubuntu2) …
Настраивается пакет runc (1.1.7-0ubuntu2.1) …
Настраивается пакет tzdata (2023d-0ubuntu0.23.10) …

Current default time zone: 'Etc/UTC'
Local time is now:      Fri Feb 23 09:06:28 UTC 2024.
Universal Time is now:  Fri Feb 23 09:06:28 UTC 2024.
Run 'dpkg-reconfigure tzdata' if you wish to change it.

Настраивается пакет systemd-hwe-hwdb (253.5.3) …
Настраивается пакет tzdata-icu (2023d-0ubuntu0.23.10) …
Обрабатываются триггеры для man-db (2.11.2-3) …
Обрабатываются триггеры для udev (253.5-1ubuntu6.1) …
Обрабатываются триггеры для libc-bin (2.38-1ubuntu6) …
Scanning processes...
Scanning candidates...
Scanning linux images...

Running kernel seems to be up-to-date.

Restarting services...
 /etc/needrestart/restart.d/systemd-manager
 systemctl restart cron.service ssh.service systemd-journald.service systemd-networkd.service systemd-resolved.service systemd-timesyncd.service
Service restarts being deferred:
 systemctl restart systemd-logind.service

No containers need to be restarted.

User sessions running outdated binaries:
 igor86 @ session #1: sshd[1654]
 igor86 @ user manager service: systemd[1714]

No VM guests are running outdated hypervisor (qemu) binaries on this host.
igor86@igor86:~$ cat >Pets
Fido Dog 2020-01-01 Sit, Stay, Fetch
Whiskers Cat 2019-05-15 Sit, Pounce
Hammy Hamster 2021-03-10 Roll, Hide
Buddy Dog 2018-12-10 Sit, Paw, Bark
Smudge Cat 2020-02-20 Sit, Pounce, Scratch
Peanut Hamster 2021-08-01 Roll, Spin
Bella Dog 2019-11-11 Sit, Stay, Roll
Oliver Cat 2020-06-30 Meow, Scratch, Jump
igor86@igor86:~$ cat >PackAnimals
Thunder Horse 2015-07-21 Trot, Canter, Gallop
Sandy Camel 2016-11-03 Walk, Carry Load
Eeyore Donkey 2017-09-18 Walk, Carry Load, Bray
Storm Horse 2014-05-05 Trot, Canter
Dune Camel 2018-12-12 Walk, Sit
Burro Donkey 2019-01-23 Walk, Bray, Kick
Blaze Horse 2016-02-29 Trot, Jump, Gallop
Sahara Camel 2015-08-14 Walk, Run
igor86@igor86:~$ cat Pets
Fido Dog 2020-01-01 Sit, Stay, Fetch
Whiskers Cat 2019-05-15 Sit, Pounce
Hammy Hamster 2021-03-10 Roll, Hide
Buddy Dog 2018-12-10 Sit, Paw, Bark
Smudge Cat 2020-02-20 Sit, Pounce, Scratch
Peanut Hamster 2021-08-01 Roll, Spin
Bella Dog 2019-11-11 Sit, Stay, Roll
Oliver Cat 2020-06-30 Meow, Scratch, Jump
igor86@igor86:~$ cat PackAnimals
Thunder Horse 2015-07-21 Trot, Canter, Gallop
Sandy Camel 2016-11-03 Walk, Carry Load
Eeyore Donkey 2017-09-18 Walk, Carry Load, Bray
Storm Horse 2014-05-05 Trot, Canter
Dune Camel 2018-12-12 Walk, Sit
Burro Donkey 2019-01-23 Walk, Bray, Kick
Blaze Horse 2016-02-29 Trot, Jump, Gallop
Sahara Camel 2015-08-14 Walk, Run
igor86@igor86:~$ cat Pets PackAnimals > Human_friend
igor86@igor86:~$ cat Human_friend
Fido Dog 2020-01-01 Sit, Stay, Fetch
Whiskers Cat 2019-05-15 Sit, Pounce
Hammy Hamster 2021-03-10 Roll, Hide
Buddy Dog 2018-12-10 Sit, Paw, Bark
Smudge Cat 2020-02-20 Sit, Pounce, Scratch
Peanut Hamster 2021-08-01 Roll, Spin
Bella Dog 2019-11-11 Sit, Stay, Roll
Oliver Cat 2020-06-30 Meow, Scratch, Jump
Thunder Horse 2015-07-21 Trot, Canter, Gallop
Sandy Camel 2016-11-03 Walk, Carry Load
Eeyore Donkey 2017-09-18 Walk, Carry Load, Bray
Storm Horse 2014-05-05 Trot, Canter
Dune Camel 2018-12-12 Walk, Sit
Burro Donkey 2019-01-23 Walk, Bray, Kick
Blaze Horse 2016-02-29 Trot, Jump, Gallop
Sahara Camel 2015-08-14 Walk, Run
igor86@igor86:~$ cat -b Human_friend
     1  Fido Dog 2020-01-01 Sit, Stay, Fetch
     2  Whiskers Cat 2019-05-15 Sit, Pounce
     3  Hammy Hamster 2021-03-10 Roll, Hide
     4  Buddy Dog 2018-12-10 Sit, Paw, Bark
     5  Smudge Cat 2020-02-20 Sit, Pounce, Scratch
     6  Peanut Hamster 2021-08-01 Roll, Spin
     7  Bella Dog 2019-11-11 Sit, Stay, Roll
     8  Oliver Cat 2020-06-30 Meow, Scratch, Jump
     9  Thunder Horse 2015-07-21 Trot, Canter, Gallop
    10  Sandy Camel 2016-11-03 Walk, Carry Load
    11  Eeyore Donkey 2017-09-18 Walk, Carry Load, Bray
    12  Storm Horse 2014-05-05 Trot, Canter
    13  Dune Camel 2018-12-12 Walk, Sit
    14  Burro Donkey 2019-01-23 Walk, Bray, Kick
    15  Blaze Horse 2016-02-29 Trot, Jump, Gallop
    16  Sahara Camel 2015-08-14 Walk, Run
igor86@igor86:~$ mv Human_friend Друзья человека
mv: target 'человека': No such file or directory
igor86@igor86:~$ mv Human_friend "Друзья человека"
igor86@igor86:~$ cat "Друзья человека"
Fido Dog 2020-01-01 Sit, Stay, Fetch
Whiskers Cat 2019-05-15 Sit, Pounce
Hammy Hamster 2021-03-10 Roll, Hide
Buddy Dog 2018-12-10 Sit, Paw, Bark
Smudge Cat 2020-02-20 Sit, Pounce, Scratch
Peanut Hamster 2021-08-01 Roll, Spin
Bella Dog 2019-11-11 Sit, Stay, Roll
Oliver Cat 2020-06-30 Meow, Scratch, Jump
Thunder Horse 2015-07-21 Trot, Canter, Gallop
Sandy Camel 2016-11-03 Walk, Carry Load
Eeyore Donkey 2017-09-18 Walk, Carry Load, Bray
Storm Horse 2014-05-05 Trot, Canter
Dune Camel 2018-12-12 Walk, Sit
Burro Donkey 2019-01-23 Walk, Bray, Kick
Blaze Horse 2016-02-29 Trot, Jump, Gallop
Sahara Camel 2015-08-14 Walk, Run
igor86@igor86:~$ ls
 compose   PackAnimals   Pets  'Друзья человека'
igor86@igor86:~$ sudo mkdir Animals
[sudo] password for igor86:
igor86@igor86:~$ ls
 Animals   compose   PackAnimals   Pets  'Друзья человека'
igor86@igor86:~$ sudo mv 'Друзья человека' /home/igor86/Animals
igor86@igor86:~$ cd Animals
igor86@igor86:~/Animals$ ls
'Друзья человека'
igor86@igor86:~/Animals$ cat 'Друзья человека'
Fido Dog 2020-01-01 Sit, Stay, Fetch
Whiskers Cat 2019-05-15 Sit, Pounce
Hammy Hamster 2021-03-10 Roll, Hide
Buddy Dog 2018-12-10 Sit, Paw, Bark
Smudge Cat 2020-02-20 Sit, Pounce, Scratch
Peanut Hamster 2021-08-01 Roll, Spin
Bella Dog 2019-11-11 Sit, Stay, Roll
Oliver Cat 2020-06-30 Meow, Scratch, Jump
Thunder Horse 2015-07-21 Trot, Canter, Gallop
Sandy Camel 2016-11-03 Walk, Carry Load
Eeyore Donkey 2017-09-18 Walk, Carry Load, Bray
Storm Horse 2014-05-05 Trot, Canter
Dune Camel 2018-12-12 Walk, Sit
Burro Donkey 2019-01-23 Walk, Bray, Kick
Blaze Horse 2016-02-29 Trot, Jump, Gallop
Sahara Camel 2015-08-14 Walk, Run
igor86@igor86:~/Animals$
